> creating model bert
> cuda memory allocated: 444761600
> training arguments:
>>> num_classes: 2
>>> model_name: bert
>>> method_name: lstm
>>> train_batch_size: 4
>>> test_batch_size: 16
>>> num_epoch: 50
>>> lr: 1e-05
>>> weight_decay: 0.01
>>> device: cuda
>>> backend: False
>>> workers: 0
>>> timestamp: 1756365633791
>>> log_name: bert_lstm_25-08-28_15-20-33.log
1/50 - 2.00%
[train] loss: 0.6838, acc: 54.00
[test] loss: 0.6343, acc: 75.00
2/50 - 4.00%
[train] loss: 0.5602, acc: 83.50
[test] loss: 0.5602, acc: 77.00
3/50 - 6.00%
[train] loss: 0.4306, acc: 93.00
[test] loss: 0.4217, acc: 93.00
4/50 - 8.00%
[train] loss: 0.3823, acc: 96.00
[test] loss: 0.5255, acc: 79.00
5/50 - 10.00%
[train] loss: 0.3617, acc: 96.50
[test] loss: 0.4323, acc: 89.00
6/50 - 12.00%
[train] loss: 0.3512, acc: 97.00
[test] loss: 0.4024, acc: 91.00
7/50 - 14.00%
[train] loss: 0.3450, acc: 97.50
[test] loss: 0.3928, acc: 92.00
8/50 - 16.00%
[train] loss: 0.3334, acc: 98.50
[test] loss: 0.3904, acc: 93.00
9/50 - 18.00%
[train] loss: 0.3268, acc: 99.00
[test] loss: 0.3919, acc: 91.00
10/50 - 20.00%
[train] loss: 0.3259, acc: 99.00
[test] loss: 0.3911, acc: 92.00
11/50 - 22.00%
[train] loss: 0.3253, acc: 99.00
[test] loss: 0.3907, acc: 92.00
12/50 - 24.00%
[train] loss: 0.3249, acc: 99.00
[test] loss: 0.3902, acc: 92.00
13/50 - 26.00%
[train] loss: 0.3246, acc: 99.00
[test] loss: 0.3903, acc: 92.00
14/50 - 28.00%
[train] loss: 0.3243, acc: 99.00
[test] loss: 0.3904, acc: 92.00
15/50 - 30.00%
[train] loss: 0.3242, acc: 99.00
[test] loss: 0.3908, acc: 92.00
16/50 - 32.00%
[train] loss: 0.3240, acc: 99.00
[test] loss: 0.3970, acc: 92.00
17/50 - 34.00%
[train] loss: 0.3363, acc: 97.75
[test] loss: 0.7919, acc: 52.00
18/50 - 36.00%
[train] loss: 0.7802, acc: 53.25
[test] loss: 0.8626, acc: 45.00
19/50 - 38.00%
[train] loss: 0.7850, acc: 52.75
[test] loss: 0.8623, acc: 45.00
20/50 - 40.00%
[train] loss: 0.7844, acc: 52.75
[test] loss: 0.8603, acc: 45.00
21/50 - 42.00%
[train] loss: 0.7364, acc: 51.00
[test] loss: 0.7052, acc: 45.00
22/50 - 44.00%
[train] loss: 0.5725, acc: 70.50
[test] loss: 0.4004, acc: 92.00
23/50 - 46.00%
[train] loss: 0.3378, acc: 97.75
[test] loss: 0.4291, acc: 88.00
24/50 - 48.00%
[train] loss: 0.3326, acc: 98.00
[test] loss: 0.5573, acc: 76.00
25/50 - 50.00%
[train] loss: 0.3325, acc: 98.25
[test] loss: 0.3634, acc: 95.00
26/50 - 52.00%
[train] loss: 0.3860, acc: 92.75
[test] loss: 0.3794, acc: 93.00
27/50 - 54.00%
[train] loss: 0.3736, acc: 93.75
[test] loss: 0.4247, acc: 89.00
28/50 - 56.00%
[train] loss: 0.3236, acc: 99.00
[test] loss: 0.4171, acc: 89.00
29/50 - 58.00%
[train] loss: 0.3193, acc: 99.50
[test] loss: 0.3710, acc: 94.00
30/50 - 60.00%
[train] loss: 0.3164, acc: 99.75
[test] loss: 0.3723, acc: 94.00
31/50 - 62.00%
[train] loss: 0.3163, acc: 99.75
[test] loss: 0.3729, acc: 94.00
32/50 - 64.00%
[train] loss: 0.3162, acc: 99.75
[test] loss: 0.3742, acc: 94.00
33/50 - 66.00%
[train] loss: 0.3271, acc: 98.50
[test] loss: 0.4583, acc: 85.00
34/50 - 68.00%
[train] loss: 0.3164, acc: 99.75
[test] loss: 0.4006, acc: 91.00
35/50 - 70.00%
[train] loss: 0.3162, acc: 99.75
[test] loss: 0.4008, acc: 91.00
36/50 - 72.00%
[train] loss: 0.3212, acc: 99.00
[test] loss: 0.3919, acc: 92.00
37/50 - 74.00%
[train] loss: 0.3210, acc: 99.25
[test] loss: 0.3930, acc: 91.00
38/50 - 76.00%
[train] loss: 0.3166, acc: 99.75
[test] loss: 0.4041, acc: 91.00
39/50 - 78.00%
[train] loss: 0.3160, acc: 99.75
[test] loss: 0.4040, acc: 91.00
40/50 - 80.00%
[train] loss: 0.3186, acc: 99.50
[test] loss: 0.3958, acc: 92.00
41/50 - 82.00%
[train] loss: 0.3160, acc: 99.75
[test] loss: 0.4041, acc: 91.00
42/50 - 84.00%
[train] loss: 0.3160, acc: 99.75
[test] loss: 0.4025, acc: 91.00
43/50 - 86.00%
[train] loss: 0.3159, acc: 99.75
[test] loss: 0.4014, acc: 91.00
44/50 - 88.00%
[train] loss: 0.3159, acc: 99.75
[test] loss: 0.4006, acc: 91.00
45/50 - 90.00%
[train] loss: 0.3159, acc: 99.75
[test] loss: 0.3975, acc: 92.00
46/50 - 92.00%
[train] loss: 0.3159, acc: 99.75
[test] loss: 0.3963, acc: 92.00
47/50 - 94.00%
[train] loss: 0.3159, acc: 99.75
[test] loss: 0.3957, acc: 92.00
48/50 - 96.00%
[train] loss: 0.3159, acc: 99.75
[test] loss: 0.3920, acc: 93.00
49/50 - 98.00%
[train] loss: 0.3159, acc: 99.75
[test] loss: 0.3908, acc: 93.00
50/50 - 100.00%
[train] loss: 0.3159, acc: 99.75
[test] loss: 0.3915, acc: 92.00
best loss: 0.3634, best acc: 95.00
log saved: bert_lstm_25-08-28_15-20-33.log
